\BOOKMARK [1][-]{section.1}{\376\377\000O\000b\000j\000e\000c\000t\000i\000f}{}% 1
\BOOKMARK [1][-]{section.2}{\376\377\000A\000r\000c\000h\000i\000t\000e\000c\000t\000u\000r\000e}{}% 2
\BOOKMARK [2][-]{subsection.2.1}{\376\377\000C\000o\000m\000p\000t\000e\000\040\000A\000l\000a\000n\000y\000a\000\040\000\050\000s\000y\000s\000t\000\350\000m\000e\000\051}{section.2}% 3
\BOOKMARK [2][-]{subsection.2.2}{\376\377\000T\000a\000b\000l\000e\000s\000\040\000S\000Q\000L}{section.2}% 4
\BOOKMARK [3][-]{subsubsection.2.2.1}{\376\377\000T\000a\000b\000l\000e\000\040\000b\000r\000o\000a\000d\000c\000a\000s\000t}{subsection.2.2}% 5
\BOOKMARK [3][-]{subsubsection.2.2.2}{\376\377\000T\000a\000b\000l\000e\000\040\000b\000r\000o\000a\000d\000c\000a\000s\000t\000\137\000r\000e\000c\000i\000p\000i\000e\000n\000t}{subsection.2.2}% 6
\BOOKMARK [2][-]{subsection.2.3}{\376\377\000M\000i\000g\000r\000a\000t\000i\000o\000n}{section.2}% 7
\BOOKMARK [1][-]{section.3}{\376\377\000E\000n\000d\000p\000o\000i\000n\000t\000s\000\040\000A\000P\000I}{}% 8
\BOOKMARK [2][-]{subsection.3.1}{\376\377\000P\000O\000S\000T\000\040\000/\000a\000p\000i\000/\000a\000d\000m\000i\000n\000/\000b\000r\000o\000a\000d\000c\000a\000s\000t\000s\000\040\040\024\000\040\000C\000r\000\351\000e\000r\000\040\000e\000t\000\040\000e\000n\000v\000o\000y\000e\000r}{section.3}% 9
\BOOKMARK [2][-]{subsection.3.2}{\376\377\000G\000E\000T\000\040\000/\000a\000p\000i\000/\000a\000d\000m\000i\000n\000/\000b\000r\000o\000a\000d\000c\000a\000s\000t\000s\000\040\040\024\000\040\000H\000i\000s\000t\000o\000r\000i\000q\000u\000e}{section.3}% 10
\BOOKMARK [2][-]{subsection.3.3}{\376\377\000G\000E\000T\000\040\000/\000a\000p\000i\000/\000a\000d\000m\000i\000n\000/\000b\000r\000o\000a\000d\000c\000a\000s\000t\000s\000/\000:\000i\000d\000\040\040\024\000\040\000D\000\351\000t\000a\000i\000l\000s}{section.3}% 11
\BOOKMARK [1][-]{section.4}{\376\377\000L\000o\000g\000i\000q\000u\000e\000\040\000d\000e\000\040\000c\000o\000n\000v\000e\000r\000s\000a\000t\000i\000o\000n}{}% 12
\BOOKMARK [1][-]{section.5}{\376\377\000F\000C\000M\000\040\000P\000u\000s\000h}{}% 13
\BOOKMARK [1][-]{section.6}{\376\377\000M\000o\000b\000i\000l\000e\000\040\040\024\000\040\000U\000I\000\040\000s\000p\000\351\000c\000i\000a\000l\000e}{}% 14
\BOOKMARK [1][-]{section.7}{\376\377\000F\000r\000o\000n\000t\000e\000n\000d\000\040\000A\000d\000m\000i\000n\000\040\040\024\000\040\000C\000o\000m\000p\000o\000s\000a\000n\000t\000s}{}% 15
\BOOKMARK [2][-]{subsection.7.1}{\376\377\000P\000a\000g\000e\000\040\000/\000b\000r\000o\000a\000d\000c\000a\000s\000t\000s}{section.7}% 16
\BOOKMARK [2][-]{subsection.7.2}{\376\377\000D\000i\000a\000l\000o\000g\000\040\000N\000o\000u\000v\000e\000a\000u\000\040\000b\000r\000o\000a\000d\000c\000a\000s\000t}{section.7}% 17
\BOOKMARK [2][-]{subsection.7.3}{\376\377\000T\000y\000p\000e\000s\000\040\000T\000y\000p\000e\000S\000c\000r\000i\000p\000t}{section.7}% 18
\BOOKMARK [1][-]{section.8}{\376\377\000H\000o\000o\000k\000s\000\040\000R\000e\000a\000c\000t\000\040\000Q\000u\000e\000r\000y}{}% 19
\BOOKMARK [1][-]{section.9}{\376\377\000F\000i\000c\000h\000i\000e\000r\000s\000\040\000\340\000\040\000c\000r\000\351\000e\000r}{}% 20
